Okänd atom vid radslutet 4)5
Saknad siffra vid radslutet C
Saknad högerparentes vid radslutet
Felaktig gruppstart vid radslutet )Fe
För litet tal vid radslutet
För litet tal vid radslutet C
För litet tal vid radslutet 2C
Saknad stor bokstav vid radslutet cl
Saknad stor bokstav vid radslutet a
Felaktig gruppstart vid radslutet )3
Felaktig gruppstart vid radslutet )
Felaktig gruppstart vid radslutet 2
